// Jest Snapshot v1, https://goo.gl/fbAQLP

exports[`<EditContactModal/> should correctly render <EditContactModal/> 1`] = `
ShallowWrapper {
  "length": 1,
  Symbol(enzyme.__root__): [Circular],
  Symbol(enzyme.__unrendered__): <EditContactModal
    address="0x12312313"
    form={
        Object {
            "getFieldDecorator": [Function],
            "getFieldError": [Function],
            "getFieldInstance": [Function],
            "getFieldProps": [Function],
            "getFieldValue": [Function],
            "getFieldsError": [Function],
            "getFieldsValue": [Function],
            "isFieldTouched": [Function],
            "isFieldValidating": [Function],
            "isFieldsTouched": [Function],
            "isFieldsValidating": [Function],
            "isSubmitting": [Function],
            "resetFields": [Function],
            "setFields": [Function],
            "setFieldsInitialValue": [Function],
            "setFieldsValue": [Function],
            "submit": [Function],
            "validateFields": [Function],
            "validateFieldsAndScroll": [Function],
          }
    }
    name="mike"
    onChange={[Function]}
    onEdit={[Function]}
    validateEdit={[Function]}
/>,
  Symbol(enzyme.__renderer__): Object {
    "batchedUpdates": [Function],
    "getNode": [Function],
    "render": [Function],
    "simulateEvent": [Function],
    "unmount": [Function],
  },
  Symbol(enzyme.__node__): Object {
    "instance": null,
    "key": undefined,
    "nodeType": "class",
    "props": Object {
      "children": Array [
        <EditContactModal.style__WrapperIcon>
          <Icon
                    type="info-circle-o"
          />
          <EditContactModal.style__Text>
                    Please be sure that all the information is correct. Once a transaction is made, it can not be changed.
          </EditContactModal.style__Text>
</EditContactModal.style__WrapperIcon>,
        <Form
          hideRequiredMark={false}
          layout="vertical"
          onSubmit={[Function]}
          prefixCls="ant-form"
>
          <Modal.style__ModalFormItem
                    label={
                              <Modal.style__ModalFormLabel>
                                        Name
                              </Modal.style__ModalFormLabel>
                    }
          >
                    <Modal.style__ModalFormInput
                              data-__field={
                                        Object {
                                                  "name": "name",
                                                }
                              }
                              data-__meta={
                                        Object {
                                                  "initialValue": "mike",
                                                  "name": "name",
                                                  "originalProps": Object {
                                                    "onChange": [Function],
                                                  },
                                                  "ref": null,
                                                  "rules": Array [
                                                    Object {
                                                      "message": "Name is required.",
                                                      "required": true,
                                                    },
                                                  ],
                                                  "trigger": "onChange",
                                                  "validate": Array [
                                                    Object {
                                                      "rules": Array [
                                                        Object {
                                                          "message": "Name is required.",
                                                          "required": true,
                                                        },
                                                      ],
                                                      "trigger": Array [
                                                        "onChange",
                                                      ],
                                                    },
                                                  ],
                                                  "valuePropName": "value",
                                                }
                              }
                              id="name"
                              onChange={[Function]}
                              value="mike"
                    />
          </Modal.style__ModalFormItem>
          <Modal.style__ModalFormItem
                    label={
                              <Modal.style__ModalFormLabel>
                                        Valid Ethereum Address
                              </Modal.style__ModalFormLabel>
                    }
          >
                    <Modal.style__ModalFormInput
                              data-__field={
                                        Object {
                                                  "name": "address",
                                                }
                              }
                              data-__meta={
                                        Object {
                                                  "initialValue": "0x12312313",
                                                  "name": "address",
                                                  "originalProps": Object {
                                                    "onChange": [Function],
                                                  },
                                                  "ref": null,
                                                  "rules": Array [
                                                    Object {
                                                      "message": "Address is required.",
                                                      "required": true,
                                                    },
                                                    Object {
                                                      "message": "This address is already under use",
                                                      "required": true,
                                                      "validator": [Function],
                                                    },
                                                    Object {
                                                      "message": "Address is invalid.",
                                                      "required": true,
                                                      "validator": [Function],
                                                    },
                                                  ],
                                                  "trigger": "onChange",
                                                  "validate": Array [
                                                    Object {
                                                      "rules": Array [
                                                        Object {
                                                          "message": "Address is required.",
                                                          "required": true,
                                                        },
                                                        Object {
                                                          "message": "This address is already under use",
                                                          "required": true,
                                                          "validator": [Function],
                                                        },
                                                        Object {
                                                          "message": "Address is invalid.",
                                                          "required": true,
                                                          "validator": [Function],
                                                        },
                                                      ],
                                                      "trigger": Array [
                                                        "onChange",
                                                      ],
                                                    },
                                                  ],
                                                  "valuePropName": "value",
                                                }
                              }
                              id="address"
                              onChange={[Function]}
                              value="0x12312313"
                    />
          </Modal.style__ModalFormItem>
          <EditContactModal.style__ParentDiv>
                    <EditContactModal.style__StyledButton1
                              htmlType="submit"
                              id="button"
                              type="primary"
                    >
                              <Icon
                                        type="plus"
                              />
                              Edit Contact
                    </EditContactModal.style__StyledButton1>
          </EditContactModal.style__ParentDiv>
</Form>,
      ],
    },
    "ref": null,
    "rendered": Array [
      Object {
        "instance": null,
        "key": undefined,
        "nodeType": "class",
        "props": Object {
          "children": Array [
            <Icon
              type="info-circle-o"
/>,
            <EditContactModal.style__Text>
              Please be sure that all the information is correct. Once a transaction is made, it can not be changed.
</EditContactModal.style__Text>,
          ],
        },
        "ref": null,
        "rendered": Array [
          Object {
            "instance": null,
            "key": undefined,
            "nodeType": "function",
            "props": Object {
              "type": "info-circle-o",
            },
            "ref": null,
            "rendered": null,
            "type": [Function],
          },
          Object {
            "instance": null,
            "key": undefined,
            "nodeType": "class",
            "props": Object {
              "children": "Please be sure that all the information is correct. Once a transaction is made, it can not be changed.",
            },
            "ref": null,
            "rendered": "Please be sure that all the information is correct. Once a transaction is made, it can not be changed.",
            "type": [Function],
          },
        ],
        "type": [Function],
      },
      Object {
        "instance": null,
        "key": undefined,
        "nodeType": "class",
        "props": Object {
          "children": Array [
            <Modal.style__ModalFormItem
              label={
                            <Modal.style__ModalFormLabel>
                                          Name
                            </Modal.style__ModalFormLabel>
              }
>
              <Modal.style__ModalFormInput
                            data-__field={
                                          Object {
                                                        "name": "name",
                                                      }
                            }
                            data-__meta={
                                          Object {
                                                        "initialValue": "mike",
                                                        "name": "name",
                                                        "originalProps": Object {
                                                          "onChange": [Function],
                                                        },
                                                        "ref": null,
                                                        "rules": Array [
                                                          Object {
                                                            "message": "Name is required.",
                                                            "required": true,
                                                          },
                                                        ],
                                                        "trigger": "onChange",
                                                        "validate": Array [
                                                          Object {
                                                            "rules": Array [
                                                              Object {
                                                                "message": "Name is required.",
                                                                "required": true,
                                                              },
                                                            ],
                                                            "trigger": Array [
                                                              "onChange",
                                                            ],
                                                          },
                                                        ],
                                                        "valuePropName": "value",
                                                      }
                            }
                            id="name"
                            onChange={[Function]}
                            value="mike"
              />
</Modal.style__ModalFormItem>,
            <Modal.style__ModalFormItem
              label={
                            <Modal.style__ModalFormLabel>
                                          Valid Ethereum Address
                            </Modal.style__ModalFormLabel>
              }
>
              <Modal.style__ModalFormInput
                            data-__field={
                                          Object {
                                                        "name": "address",
                                                      }
                            }
                            data-__meta={
                                          Object {
                                                        "initialValue": "0x12312313",
                                                        "name": "address",
                                                        "originalProps": Object {
                                                          "onChange": [Function],
                                                        },
                                                        "ref": null,
                                                        "rules": Array [
                                                          Object {
                                                            "message": "Address is required.",
                                                            "required": true,
                                                          },
                                                          Object {
                                                            "message": "This address is already under use",
                                                            "required": true,
                                                            "validator": [Function],
                                                          },
                                                          Object {
                                                            "message": "Address is invalid.",
                                                            "required": true,
                                                            "validator": [Function],
                                                          },
                                                        ],
                                                        "trigger": "onChange",
                                                        "validate": Array [
                                                          Object {
                                                            "rules": Array [
                                                              Object {
                                                                "message": "Address is required.",
                                                                "required": true,
                                                              },
                                                              Object {
                                                                "message": "This address is already under use",
                                                                "required": true,
                                                                "validator": [Function],
                                                              },
                                                              Object {
                                                                "message": "Address is invalid.",
                                                                "required": true,
                                                                "validator": [Function],
                                                              },
                                                            ],
                                                            "trigger": Array [
                                                              "onChange",
                                                            ],
                                                          },
                                                        ],
                                                        "valuePropName": "value",
                                                      }
                            }
                            id="address"
                            onChange={[Function]}
                            value="0x12312313"
              />
</Modal.style__ModalFormItem>,
            <EditContactModal.style__ParentDiv>
              <EditContactModal.style__StyledButton1
                            htmlType="submit"
                            id="button"
                            type="primary"
              >
                            <Icon
                                          type="plus"
                            />
                            Edit Contact
              </EditContactModal.style__StyledButton1>
</EditContactModal.style__ParentDiv>,
          ],
          "hideRequiredMark": false,
          "layout": "vertical",
          "onSubmit": [Function],
          "prefixCls": "ant-form",
        },
        "ref": null,
        "rendered": Array [
          Object {
            "instance": null,
            "key": undefined,
            "nodeType": "class",
            "props": Object {
              "children": <Modal.style__ModalFormInput
                data-__field={
                                Object {
                                                "name": "name",
                                              }
                }
                data-__meta={
                                Object {
                                                "initialValue": "mike",
                                                "name": "name",
                                                "originalProps": Object {
                                                  "onChange": [Function],
                                                },
                                                "ref": null,
                                                "rules": Array [
                                                  Object {
                                                    "message": "Name is required.",
                                                    "required": true,
                                                  },
                                                ],
                                                "trigger": "onChange",
                                                "validate": Array [
                                                  Object {
                                                    "rules": Array [
                                                      Object {
                                                        "message": "Name is required.",
                                                        "required": true,
                                                      },
                                                    ],
                                                    "trigger": Array [
                                                      "onChange",
                                                    ],
                                                  },
                                                ],
                                                "valuePropName": "value",
                                              }
                }
                id="name"
                onChange={[Function]}
                value="mike"
/>,
              "label": <Modal.style__ModalFormLabel>
                Name
</Modal.style__ModalFormLabel>,
            },
            "ref": null,
            "rendered": Object {
              "instance": null,
              "key": undefined,
              "nodeType": "class",
              "props": Object {
                "data-__field": Object {
                  "name": "name",
                },
                "data-__meta": Object {
                  "initialValue": "mike",
                  "name": "name",
                  "originalProps": Object {
                    "onChange": [Function],
                  },
                  "ref": null,
                  "rules": Array [
                    Object {
                      "message": "Name is required.",
                      "required": true,
                    },
                  ],
                  "trigger": "onChange",
                  "validate": Array [
                    Object {
                      "rules": Array [
                        Object {
                          "message": "Name is required.",
                          "required": true,
                        },
                      ],
                      "trigger": Array [
                        "onChange",
                      ],
                    },
                  ],
                  "valuePropName": "value",
                },
                "id": "name",
                "onChange": [Function],
                "value": "mike",
              },
              "ref": [Function],
              "rendered": null,
              "type": [Function],
            },
            "type": [Function],
          },
          Object {
            "instance": null,
            "key": undefined,
            "nodeType": "class",
            "props": Object {
              "children": <Modal.style__ModalFormInput
                data-__field={
                                Object {
                                                "name": "address",
                                              }
                }
                data-__meta={
                                Object {
                                                "initialValue": "0x12312313",
                                                "name": "address",
                                                "originalProps": Object {
                                                  "onChange": [Function],
                                                },
                                                "ref": null,
                                                "rules": Array [
                                                  Object {
                                                    "message": "Address is required.",
                                                    "required": true,
                                                  },
                                                  Object {
                                                    "message": "This address is already under use",
                                                    "required": true,
                                                    "validator": [Function],
                                                  },
                                                  Object {
                                                    "message": "Address is invalid.",
                                                    "required": true,
                                                    "validator": [Function],
                                                  },
                                                ],
                                                "trigger": "onChange",
                                                "validate": Array [
                                                  Object {
                                                    "rules": Array [
                                                      Object {
                                                        "message": "Address is required.",
                                                        "required": true,
                                                      },
                                                      Object {
                                                        "message": "This address is already under use",
                                                        "required": true,
                                                        "validator": [Function],
                                                      },
                                                      Object {
                                                        "message": "Address is invalid.",
                                                        "required": true,
                                                        "validator": [Function],
                                                      },
                                                    ],
                                                    "trigger": Array [
                                                      "onChange",
                                                    ],
                                                  },
                                                ],
                                                "valuePropName": "value",
                                              }
                }
                id="address"
                onChange={[Function]}
                value="0x12312313"
/>,
              "label": <Modal.style__ModalFormLabel>
                Valid Ethereum Address
</Modal.style__ModalFormLabel>,
            },
            "ref": null,
            "rendered": Object {
              "instance": null,
              "key": undefined,
              "nodeType": "class",
              "props": Object {
                "data-__field": Object {
                  "name": "address",
                },
                "data-__meta": Object {
                  "initialValue": "0x12312313",
                  "name": "address",
                  "originalProps": Object {
                    "onChange": [Function],
                  },
                  "ref": null,
                  "rules": Array [
                    Object {
                      "message": "Address is required.",
                      "required": true,
                    },
                    Object {
                      "message": "This address is already under use",
                      "required": true,
                      "validator": [Function],
                    },
                    Object {
                      "message": "Address is invalid.",
                      "required": true,
                      "validator": [Function],
                    },
                  ],
                  "trigger": "onChange",
                  "validate": Array [
                    Object {
                      "rules": Array [
                        Object {
                          "message": "Address is required.",
                          "required": true,
                        },
                        Object {
                          "message": "This address is already under use",
                          "required": true,
                          "validator": [Function],
                        },
                        Object {
                          "message": "Address is invalid.",
                          "required": true,
                          "validator": [Function],
                        },
                      ],
                      "trigger": Array [
                        "onChange",
                      ],
                    },
                  ],
                  "valuePropName": "value",
                },
                "id": "address",
                "onChange": [Function],
                "value": "0x12312313",
              },
              "ref": [Function],
              "rendered": null,
              "type": [Function],
            },
            "type": [Function],
          },
          Object {
            "instance": null,
            "key": undefined,
            "nodeType": "class",
            "props": Object {
              "children": <EditContactModal.style__StyledButton1
                htmlType="submit"
                id="button"
                type="primary"
>
                <Icon
                                type="plus"
                />
                Edit Contact
</EditContactModal.style__StyledButton1>,
            },
            "ref": null,
            "rendered": Object {
              "instance": null,
              "key": undefined,
              "nodeType": "class",
              "props": Object {
                "children": Array [
                  <Icon
                    type="plus"
/>,
                  "Edit Contact",
                ],
                "htmlType": "submit",
                "id": "button",
                "type": "primary",
              },
              "ref": null,
              "rendered": Array [
                Object {
                  "instance": null,
                  "key": undefined,
                  "nodeType": "function",
                  "props": Object {
                    "type": "plus",
                  },
                  "ref": null,
                  "rendered": null,
                  "type": [Function],
                },
                "Edit Contact",
              ],
              "type": [Function],
            },
            "type": [Function],
          },
        ],
        "type": [Function],
      },
    ],
    "type": [Function],
  },
  Symbol(enzyme.__nodes__): Array [
    Object {
      "instance": null,
      "key": undefined,
      "nodeType": "class",
      "props": Object {
        "children": Array [
          <EditContactModal.style__WrapperIcon>
            <Icon
                        type="info-circle-o"
            />
            <EditContactModal.style__Text>
                        Please be sure that all the information is correct. Once a transaction is made, it can not be changed.
            </EditContactModal.style__Text>
</EditContactModal.style__WrapperIcon>,
          <Form
            hideRequiredMark={false}
            layout="vertical"
            onSubmit={[Function]}
            prefixCls="ant-form"
>
            <Modal.style__ModalFormItem
                        label={
                                    <Modal.style__ModalFormLabel>
                                                Name
                                    </Modal.style__ModalFormLabel>
                        }
            >
                        <Modal.style__ModalFormInput
                                    data-__field={
                                                Object {
                                                            "name": "name",
                                                          }
                                    }
                                    data-__meta={
                                                Object {
                                                            "initialValue": "mike",
                                                            "name": "name",
                                                            "originalProps": Object {
                                                              "onChange": [Function],
                                                            },
                                                            "ref": null,
                                                            "rules": Array [
                                                              Object {
                                                                "message": "Name is required.",
                                                                "required": true,
                                                              },
                                                            ],
                                                            "trigger": "onChange",
                                                            "validate": Array [
                                                              Object {
                                                                "rules": Array [
                                                                  Object {
                                                                    "message": "Name is required.",
                                                                    "required": true,
                                                                  },
                                                                ],
                                                                "trigger": Array [
                                                                  "onChange",
                                                                ],
                                                              },
                                                            ],
                                                            "valuePropName": "value",
                                                          }
                                    }
                                    id="name"
                                    onChange={[Function]}
                                    value="mike"
                        />
            </Modal.style__ModalFormItem>
            <Modal.style__ModalFormItem
                        label={
                                    <Modal.style__ModalFormLabel>
                                                Valid Ethereum Address
                                    </Modal.style__ModalFormLabel>
                        }
            >
                        <Modal.style__ModalFormInput
                                    data-__field={
                                                Object {
                                                            "name": "address",
                                                          }
                                    }
                                    data-__meta={
                                                Object {
                                                            "initialValue": "0x12312313",
                                                            "name": "address",
                                                            "originalProps": Object {
                                                              "onChange": [Function],
                                                            },
                                                            "ref": null,
                                                            "rules": Array [
                                                              Object {
                                                                "message": "Address is required.",
                                                                "required": true,
                                                              },
                                                              Object {
                                                                "message": "This address is already under use",
                                                                "required": true,
                                                                "validator": [Function],
                                                              },
                                                              Object {
                                                                "message": "Address is invalid.",
                                                                "required": true,
                                                                "validator": [Function],
                                                              },
                                                            ],
                                                            "trigger": "onChange",
                                                            "validate": Array [
                                                              Object {
                                                                "rules": Array [
                                                                  Object {
                                                                    "message": "Address is required.",
                                                                    "required": true,
                                                                  },
                                                                  Object {
                                                                    "message": "This address is already under use",
                                                                    "required": true,
                                                                    "validator": [Function],
                                                                  },
                                                                  Object {
                                                                    "message": "Address is invalid.",
                                                                    "required": true,
                                                                    "validator": [Function],
                                                                  },
                                                                ],
                                                                "trigger": Array [
                                                                  "onChange",
                                                                ],
                                                              },
                                                            ],
                                                            "valuePropName": "value",
                                                          }
                                    }
                                    id="address"
                                    onChange={[Function]}
                                    value="0x12312313"
                        />
            </Modal.style__ModalFormItem>
            <EditContactModal.style__ParentDiv>
                        <EditContactModal.style__StyledButton1
                                    htmlType="submit"
                                    id="button"
                                    type="primary"
                        >
                                    <Icon
                                                type="plus"
                                    />
                                    Edit Contact
                        </EditContactModal.style__StyledButton1>
            </EditContactModal.style__ParentDiv>
</Form>,
        ],
      },
      "ref": null,
      "rendered": Array [
        Object {
          "instance": null,
          "key": undefined,
          "nodeType": "class",
          "props": Object {
            "children": Array [
              <Icon
                type="info-circle-o"
/>,
              <EditContactModal.style__Text>
                Please be sure that all the information is correct. Once a transaction is made, it can not be changed.
</EditContactModal.style__Text>,
            ],
          },
          "ref": null,
          "rendered": Array [
            Object {
              "instance": null,
              "key": undefined,
              "nodeType": "function",
              "props": Object {
                "type": "info-circle-o",
              },
              "ref": null,
              "rendered": null,
              "type": [Function],
            },
            Object {
              "instance": null,
              "key": undefined,
              "nodeType": "class",
              "props": Object {
                "children": "Please be sure that all the information is correct. Once a transaction is made, it can not be changed.",
              },
              "ref": null,
              "rendered": "Please be sure that all the information is correct. Once a transaction is made, it can not be changed.",
              "type": [Function],
            },
          ],
          "type": [Function],
        },
        Object {
          "instance": null,
          "key": undefined,
          "nodeType": "class",
          "props": Object {
            "children": Array [
              <Modal.style__ModalFormItem
                label={
                                <Modal.style__ModalFormLabel>
                                                Name
                                </Modal.style__ModalFormLabel>
                }
>
                <Modal.style__ModalFormInput
                                data-__field={
                                                Object {
                                                                "name": "name",
                                                              }
                                }
                                data-__meta={
                                                Object {
                                                                "initialValue": "mike",
                                                                "name": "name",
                                                                "originalProps": Object {
                                                                  "onChange": [Function],
                                                                },
                                                                "ref": null,
                                                                "rules": Array [
                                                                  Object {
                                                                    "message": "Name is required.",
                                                                    "required": true,
                                                                  },
                                                                ],
                                                                "trigger": "onChange",
                                                                "validate": Array [
                                                                  Object {
                                                                    "rules": Array [
                                                                      Object {
                                                                        "message": "Name is required.",
                                                                        "required": true,
                                                                      },
                                                                    ],
                                                                    "trigger": Array [
                                                                      "onChange",
                                                                    ],
                                                                  },
                                                                ],
                                                                "valuePropName": "value",
                                                              }
                                }
                                id="name"
                                onChange={[Function]}
                                value="mike"
                />
</Modal.style__ModalFormItem>,
              <Modal.style__ModalFormItem
                label={
                                <Modal.style__ModalFormLabel>
                                                Valid Ethereum Address
                                </Modal.style__ModalFormLabel>
                }
>
                <Modal.style__ModalFormInput
                                data-__field={
                                                Object {
                                                                "name": "address",
                                                              }
                                }
                                data-__meta={
                                                Object {
                                                                "initialValue": "0x12312313",
                                                                "name": "address",
                                                                "originalProps": Object {
                                                                  "onChange": [Function],
                                                                },
                                                                "ref": null,
                                                                "rules": Array [
                                                                  Object {
                                                                    "message": "Address is required.",
                                                                    "required": true,
                                                                  },
                                                                  Object {
                                                                    "message": "This address is already under use",
                                                                    "required": true,
                                                                    "validator": [Function],
                                                                  },
                                                                  Object {
                                                                    "message": "Address is invalid.",
                                                                    "required": true,
                                                                    "validator": [Function],
                                                                  },
                                                                ],
                                                                "trigger": "onChange",
                                                                "validate": Array [
                                                                  Object {
                                                                    "rules": Array [
                                                                      Object {
                                                                        "message": "Address is required.",
                                                                        "required": true,
                                                                      },
                                                                      Object {
                                                                        "message": "This address is already under use",
                                                                        "required": true,
                                                                        "validator": [Function],
                                                                      },
                                                                      Object {
                                                                        "message": "Address is invalid.",
                                                                        "required": true,
                                                                        "validator": [Function],
                                                                      },
                                                                    ],
                                                                    "trigger": Array [
                                                                      "onChange",
                                                                    ],
                                                                  },
                                                                ],
                                                                "valuePropName": "value",
                                                              }
                                }
                                id="address"
                                onChange={[Function]}
                                value="0x12312313"
                />
</Modal.style__ModalFormItem>,
              <EditContactModal.style__ParentDiv>
                <EditContactModal.style__StyledButton1
                                htmlType="submit"
                                id="button"
                                type="primary"
                >
                                <Icon
                                                type="plus"
                                />
                                Edit Contact
                </EditContactModal.style__StyledButton1>
</EditContactModal.style__ParentDiv>,
            ],
            "hideRequiredMark": false,
            "layout": "vertical",
            "onSubmit": [Function],
            "prefixCls": "ant-form",
          },
          "ref": null,
          "rendered": Array [
            Object {
              "instance": null,
              "key": undefined,
              "nodeType": "class",
              "props": Object {
                "children": <Modal.style__ModalFormInput
                  data-__field={
                                    Object {
                                                      "name": "name",
                                                    }
                  }
                  data-__meta={
                                    Object {
                                                      "initialValue": "mike",
                                                      "name": "name",
                                                      "originalProps": Object {
                                                        "onChange": [Function],
                                                      },
                                                      "ref": null,
                                                      "rules": Array [
                                                        Object {
                                                          "message": "Name is required.",
                                                          "required": true,
                                                        },
                                                      ],
                                                      "trigger": "onChange",
                                                      "validate": Array [
                                                        Object {
                                                          "rules": Array [
                                                            Object {
                                                              "message": "Name is required.",
                                                              "required": true,
                                                            },
                                                          ],
                                                          "trigger": Array [
                                                            "onChange",
                                                          ],
                                                        },
                                                      ],
                                                      "valuePropName": "value",
                                                    }
                  }
                  id="name"
                  onChange={[Function]}
                  value="mike"
/>,
                "label": <Modal.style__ModalFormLabel>
                  Name
</Modal.style__ModalFormLabel>,
              },
              "ref": null,
              "rendered": Object {
                "instance": null,
                "key": undefined,
                "nodeType": "class",
                "props": Object {
                  "data-__field": Object {
                    "name": "name",
                  },
                  "data-__meta": Object {
                    "initialValue": "mike",
                    "name": "name",
                    "originalProps": Object {
                      "onChange": [Function],
                    },
                    "ref": null,
                    "rules": Array [
                      Object {
                        "message": "Name is required.",
                        "required": true,
                      },
                    ],
                    "trigger": "onChange",
                    "validate": Array [
                      Object {
                        "rules": Array [
                          Object {
                            "message": "Name is required.",
                            "required": true,
                          },
                        ],
                        "trigger": Array [
                          "onChange",
                        ],
                      },
                    ],
                    "valuePropName": "value",
                  },
                  "id": "name",
                  "onChange": [Function],
                  "value": "mike",
                },
                "ref": [Function],
                "rendered": null,
                "type": [Function],
              },
              "type": [Function],
            },
            Object {
              "instance": null,
              "key": undefined,
              "nodeType": "class",
              "props": Object {
                "children": <Modal.style__ModalFormInput
                  data-__field={
                                    Object {
                                                      "name": "address",
                                                    }
                  }
                  data-__meta={
                                    Object {
                                                      "initialValue": "0x12312313",
                                                      "name": "address",
                                                      "originalProps": Object {
                                                        "onChange": [Function],
                                                      },
                                                      "ref": null,
                                                      "rules": Array [
                                                        Object {
                                                          "message": "Address is required.",
                                                          "required": true,
                                                        },
                                                        Object {
                                                          "message": "This address is already under use",
                                                          "required": true,
                                                          "validator": [Function],
                                                        },
                                                        Object {
                                                          "message": "Address is invalid.",
                                                          "required": true,
                                                          "validator": [Function],
                                                        },
                                                      ],
                                                      "trigger": "onChange",
                                                      "validate": Array [
                                                        Object {
                                                          "rules": Array [
                                                            Object {
                                                              "message": "Address is required.",
                                                              "required": true,
                                                            },
                                                            Object {
                                                              "message": "This address is already under use",
                                                              "required": true,
                                                              "validator": [Function],
                                                            },
                                                            Object {
                                                              "message": "Address is invalid.",
                                                              "required": true,
                                                              "validator": [Function],
                                                            },
                                                          ],
                                                          "trigger": Array [
                                                            "onChange",
                                                          ],
                                                        },
                                                      ],
                                                      "valuePropName": "value",
                                                    }
                  }
                  id="address"
                  onChange={[Function]}
                  value="0x12312313"
/>,
                "label": <Modal.style__ModalFormLabel>
                  Valid Ethereum Address
</Modal.style__ModalFormLabel>,
              },
              "ref": null,
              "rendered": Object {
                "instance": null,
                "key": undefined,
                "nodeType": "class",
                "props": Object {
                  "data-__field": Object {
                    "name": "address",
                  },
                  "data-__meta": Object {
                    "initialValue": "0x12312313",
                    "name": "address",
                    "originalProps": Object {
                      "onChange": [Function],
                    },
                    "ref": null,
                    "rules": Array [
                      Object {
                        "message": "Address is required.",
                        "required": true,
                      },
                      Object {
                        "message": "This address is already under use",
                        "required": true,
                        "validator": [Function],
                      },
                      Object {
                        "message": "Address is invalid.",
                        "required": true,
                        "validator": [Function],
                      },
                    ],
                    "trigger": "onChange",
                    "validate": Array [
                      Object {
                        "rules": Array [
                          Object {
                            "message": "Address is required.",
                            "required": true,
                          },
                          Object {
                            "message": "This address is already under use",
                            "required": true,
                            "validator": [Function],
                          },
                          Object {
                            "message": "Address is invalid.",
                            "required": true,
                            "validator": [Function],
                          },
                        ],
                        "trigger": Array [
                          "onChange",
                        ],
                      },
                    ],
                    "valuePropName": "value",
                  },
                  "id": "address",
                  "onChange": [Function],
                  "value": "0x12312313",
                },
                "ref": [Function],
                "rendered": null,
                "type": [Function],
              },
              "type": [Function],
            },
            Object {
              "instance": null,
              "key": undefined,
              "nodeType": "class",
              "props": Object {
                "children": <EditContactModal.style__StyledButton1
                  htmlType="submit"
                  id="button"
                  type="primary"
>
                  <Icon
                                    type="plus"
                  />
                  Edit Contact
</EditContactModal.style__StyledButton1>,
              },
              "ref": null,
              "rendered": Object {
                "instance": null,
                "key": undefined,
                "nodeType": "class",
                "props": Object {
                  "children": Array [
                    <Icon
                      type="plus"
/>,
                    "Edit Contact",
                  ],
                  "htmlType": "submit",
                  "id": "button",
                  "type": "primary",
                },
                "ref": null,
                "rendered": Array [
                  Object {
                    "instance": null,
                    "key": undefined,
                    "nodeType": "function",
                    "props": Object {
                      "type": "plus",
                    },
                    "ref": null,
                    "rendered": null,
                    "type": [Function],
                  },
                  "Edit Contact",
                ],
                "type": [Function],
              },
              "type": [Function],
            },
          ],
          "type": [Function],
        },
      ],
      "type": [Function],
    },
  ],
  Symbol(enzyme.__options__): Object {
    "adapter": ReactSixteenAdapter {
      "options": Object {
        "enableComponentDidUpdateOnSetState": true,
      },
    },
  },
}
`;
