// Jest Snapshot v1, https://goo.gl/fbAQLP

exports[`<ContactDeletionModal/> should render <DeletionModal/> correctly 1`] = `
ShallowWrapper {
  "length": 1,
  Symbol(enzyme.__root__): [Circular],
  Symbol(enzyme.__unrendered__): <DeletionModal
    address="0x3123123"
    name="mike"
    onCancel={[Function]}
    onDelete={[Function]}
    type="wallet"
/>,
  Symbol(enzyme.__renderer__): Object {
    "batchedUpdates": [Function],
    "getNode": [Function],
    "render": [Function],
    "simulateEvent": [Function],
    "unmount": [Function],
  },
  Symbol(enzyme.__node__): Object {
    "instance": null,
    "key": undefined,
    "nodeType": "class",
    "props": Object {
      "children": Array [
        <DeletionModal.style__Text>
           Are you sure you want to delete this 
          wallet
          ?
</DeletionModal.style__Text>,
        <DeletionModal.style__TextPrimary>
          <div>
                    <DeletionModal.style__SecondaryHeader>
                              Name
                    </DeletionModal.style__SecondaryHeader>
                     
                    mike
          </div>
          <div>
                    <DeletionModal.style__SecondaryHeader>
                              Address
                    </DeletionModal.style__SecondaryHeader>
                    0x3123123
          </div>
</DeletionModal.style__TextPrimary>,
        <DeletionModal.style__ParentDiv>
          <DeletionModal.style__StyledButton
                    id="delete"
                    onClick={[Function]}
                    type="danger"
          >
                    Delete
          </DeletionModal.style__StyledButton>
          <DeletionModal.style__StyledButton
                    id="cancel"
                    onClick={[Function]}
                    type="default"
          >
                    Cancel
          </DeletionModal.style__StyledButton>
</DeletionModal.style__ParentDiv>,
      ],
    },
    "ref": null,
    "rendered": Array [
      Object {
        "instance": null,
        "key": undefined,
        "nodeType": "class",
        "props": Object {
          "children": Array [
            " Are you sure you want to delete this ",
            "wallet",
            "?",
          ],
        },
        "ref": null,
        "rendered": Array [
          " Are you sure you want to delete this ",
          "wallet",
          "?",
        ],
        "type": [Function],
      },
      Object {
        "instance": null,
        "key": undefined,
        "nodeType": "class",
        "props": Object {
          "children": Array [
            <div>
              <DeletionModal.style__SecondaryHeader>
                            Name
              </DeletionModal.style__SecondaryHeader>
               
              mike
</div>,
            <div>
              <DeletionModal.style__SecondaryHeader>
                            Address
              </DeletionModal.style__SecondaryHeader>
              0x3123123
</div>,
          ],
        },
        "ref": null,
        "rendered": Array [
          Object {
            "instance": null,
            "key": undefined,
            "nodeType": "host",
            "props": Object {
              "children": Array [
                <DeletionModal.style__SecondaryHeader>
                  Name
</DeletionModal.style__SecondaryHeader>,
                " ",
                "mike",
              ],
            },
            "ref": null,
            "rendered": Array [
              Object {
                "instance": null,
                "key": undefined,
                "nodeType": "class",
                "props": Object {
                  "children": "Name",
                },
                "ref": null,
                "rendered": "Name",
                "type": [Function],
              },
              " ",
              "mike",
            ],
            "type": "div",
          },
          Object {
            "instance": null,
            "key": undefined,
            "nodeType": "host",
            "props": Object {
              "children": Array [
                <DeletionModal.style__SecondaryHeader>
                  Address
</DeletionModal.style__SecondaryHeader>,
                "0x3123123",
              ],
            },
            "ref": null,
            "rendered": Array [
              Object {
                "instance": null,
                "key": undefined,
                "nodeType": "class",
                "props": Object {
                  "children": "Address",
                },
                "ref": null,
                "rendered": "Address",
                "type": [Function],
              },
              "0x3123123",
            ],
            "type": "div",
          },
        ],
        "type": [Function],
      },
      Object {
        "instance": null,
        "key": undefined,
        "nodeType": "class",
        "props": Object {
          "children": Array [
            <DeletionModal.style__StyledButton
              id="delete"
              onClick={[Function]}
              type="danger"
>
              Delete
</DeletionModal.style__StyledButton>,
            <DeletionModal.style__StyledButton
              id="cancel"
              onClick={[Function]}
              type="default"
>
              Cancel
</DeletionModal.style__StyledButton>,
          ],
        },
        "ref": null,
        "rendered": Array [
          Object {
            "instance": null,
            "key": undefined,
            "nodeType": "class",
            "props": Object {
              "children": "Delete",
              "id": "delete",
              "onClick": [Function],
              "type": "danger",
            },
            "ref": null,
            "rendered": "Delete",
            "type": [Function],
          },
          Object {
            "instance": null,
            "key": undefined,
            "nodeType": "class",
            "props": Object {
              "children": "Cancel",
              "id": "cancel",
              "onClick": [Function],
              "type": "default",
            },
            "ref": null,
            "rendered": "Cancel",
            "type": [Function],
          },
        ],
        "type": [Function],
      },
    ],
    "type": [Function],
  },
  Symbol(enzyme.__nodes__): Array [
    Object {
      "instance": null,
      "key": undefined,
      "nodeType": "class",
      "props": Object {
        "children": Array [
          <DeletionModal.style__Text>
             Are you sure you want to delete this 
            wallet
            ?
</DeletionModal.style__Text>,
          <DeletionModal.style__TextPrimary>
            <div>
                        <DeletionModal.style__SecondaryHeader>
                                    Name
                        </DeletionModal.style__SecondaryHeader>
                         
                        mike
            </div>
            <div>
                        <DeletionModal.style__SecondaryHeader>
                                    Address
                        </DeletionModal.style__SecondaryHeader>
                        0x3123123
            </div>
</DeletionModal.style__TextPrimary>,
          <DeletionModal.style__ParentDiv>
            <DeletionModal.style__StyledButton
                        id="delete"
                        onClick={[Function]}
                        type="danger"
            >
                        Delete
            </DeletionModal.style__StyledButton>
            <DeletionModal.style__StyledButton
                        id="cancel"
                        onClick={[Function]}
                        type="default"
            >
                        Cancel
            </DeletionModal.style__StyledButton>
</DeletionModal.style__ParentDiv>,
        ],
      },
      "ref": null,
      "rendered": Array [
        Object {
          "instance": null,
          "key": undefined,
          "nodeType": "class",
          "props": Object {
            "children": Array [
              " Are you sure you want to delete this ",
              "wallet",
              "?",
            ],
          },
          "ref": null,
          "rendered": Array [
            " Are you sure you want to delete this ",
            "wallet",
            "?",
          ],
          "type": [Function],
        },
        Object {
          "instance": null,
          "key": undefined,
          "nodeType": "class",
          "props": Object {
            "children": Array [
              <div>
                <DeletionModal.style__SecondaryHeader>
                                Name
                </DeletionModal.style__SecondaryHeader>
                 
                mike
</div>,
              <div>
                <DeletionModal.style__SecondaryHeader>
                                Address
                </DeletionModal.style__SecondaryHeader>
                0x3123123
</div>,
            ],
          },
          "ref": null,
          "rendered": Array [
            Object {
              "instance": null,
              "key": undefined,
              "nodeType": "host",
              "props": Object {
                "children": Array [
                  <DeletionModal.style__SecondaryHeader>
                    Name
</DeletionModal.style__SecondaryHeader>,
                  " ",
                  "mike",
                ],
              },
              "ref": null,
              "rendered": Array [
                Object {
                  "instance": null,
                  "key": undefined,
                  "nodeType": "class",
                  "props": Object {
                    "children": "Name",
                  },
                  "ref": null,
                  "rendered": "Name",
                  "type": [Function],
                },
                " ",
                "mike",
              ],
              "type": "div",
            },
            Object {
              "instance": null,
              "key": undefined,
              "nodeType": "host",
              "props": Object {
                "children": Array [
                  <DeletionModal.style__SecondaryHeader>
                    Address
</DeletionModal.style__SecondaryHeader>,
                  "0x3123123",
                ],
              },
              "ref": null,
              "rendered": Array [
                Object {
                  "instance": null,
                  "key": undefined,
                  "nodeType": "class",
                  "props": Object {
                    "children": "Address",
                  },
                  "ref": null,
                  "rendered": "Address",
                  "type": [Function],
                },
                "0x3123123",
              ],
              "type": "div",
            },
          ],
          "type": [Function],
        },
        Object {
          "instance": null,
          "key": undefined,
          "nodeType": "class",
          "props": Object {
            "children": Array [
              <DeletionModal.style__StyledButton
                id="delete"
                onClick={[Function]}
                type="danger"
>
                Delete
</DeletionModal.style__StyledButton>,
              <DeletionModal.style__StyledButton
                id="cancel"
                onClick={[Function]}
                type="default"
>
                Cancel
</DeletionModal.style__StyledButton>,
            ],
          },
          "ref": null,
          "rendered": Array [
            Object {
              "instance": null,
              "key": undefined,
              "nodeType": "class",
              "props": Object {
                "children": "Delete",
                "id": "delete",
                "onClick": [Function],
                "type": "danger",
              },
              "ref": null,
              "rendered": "Delete",
              "type": [Function],
            },
            Object {
              "instance": null,
              "key": undefined,
              "nodeType": "class",
              "props": Object {
                "children": "Cancel",
                "id": "cancel",
                "onClick": [Function],
                "type": "default",
              },
              "ref": null,
              "rendered": "Cancel",
              "type": [Function],
            },
          ],
          "type": [Function],
        },
      ],
      "type": [Function],
    },
  ],
  Symbol(enzyme.__options__): Object {
    "adapter": ReactSixteenAdapter {
      "options": Object {
        "enableComponentDidUpdateOnSetState": true,
      },
    },
  },
}
`;
